I'm sorry, but errors were detected in your script. Please correct the
errors listed below, and try again.


File "game/script.rpy", line 12: invalid syntax
    me "My name is [povname]!"
        ^

Ren'Py Version: Ren'Py 8.2.0.0+unofficial
Sat Sep 16 11:22:59 2023
